// Jest Snapshot v1, https://goo.gl/fbAQLP

exports[`AvailableRolesList should render 1`] = `
<ListView
  className=""
>
  <div
    className="sticky-pagination"
  >
    <Pagination
      className={null}
      dropdownButtonId="available-ansible-roles-pagination-row-dropdown"
      itemCount={2}
      noSidePadding={false}
      onChange={[Function]}
      onPerPageSelect={null}
      onSetPage={null}
      page={1}
      perPage={25}
      updateParamsByUrl={false}
      variant="bottom"
      viewType="list"
    />
  </div>
  <LoadingState
    additionalClasses=""
    loading={false}
    loadingText="Loading"
    size="lg"
    timeout={300}
  >
    <AnsibleRole
      icon="fa fa-plus-circle"
      index={0}
      key="1"
      onClick={[Function]}
      resourceName="host"
      role={
        Object {
          "id": 1,
          "name": "fake.role",
        }
      }
    />
    <AnsibleRole
      icon="fa fa-plus-circle"
      index={1}
      key="2"
      onClick={[Function]}
      resourceName="host"
      role={
        Object {
          "id": 2,
          "name": "test.role",
        }
      }
    />
  </LoadingState>
</ListView>
`;
